<area shape="rect" id="node1" href="inet_dns_extension.networks.stateless_network.subnets.CH.html" title="Compound Module CH" alt="" coords="5,5,77,31">
<area shape="rect" id="node2" href="inet_dns_extension.networks.complex_dns_network.subnets.COM.html" title="Compound Module COM" alt="" coords="101,5,173,31">
<area shape="rect" id="node3" href="inet_dns_extension.networks.complex_dns_network.ComplexDNSNetwork.html" title="Network ComplexDNSNetwork" alt="" coords="197,5,349,31">
<area shape="rect" id="node4" href="ned.DatarateChannel.html" title="Channel DatarateChannel" alt="" coords="373,5,493,31">
<area shape="rect" id="node5" href="inet_dns_extension.networks.stateless_network.subnets.DE.html" title="Compound Module DE" alt="" coords="517,5,589,31">
<area shape="rect" id="node6" href="ned.DelayChannel.html" title="Channel DelayChannel" alt="" coords="613,5,717,31">
<area shape="rect" id="node7" href="inet_dns_extension.applications.dns.DNSAuthServer.html" title="Simple Module DNSAuthServer" alt="" coords="667,79,783,104">
<area shape="rect" id="node8" href="inet_dns_extension.applications.dns.DNSServerBase.html" title="Module Interface DNSServerBase" alt="" coords="742,5,861,31">
<area shape="rect" id="node9" href="inet_dns_extension.applications.dns.DNSCachingServer.html" title="Simple Module DNSCachingServer" alt="" coords="807,79,945,104">
<area shape="rect" id="node10" href="inet_dns_extension.applications.dns.DNSCachingServerNode.html" title="Compound Module DNSCachingServerNode" alt="" coords="969,79,1137,104">
<area shape="rect" id="node11" href="../../../inet/doc/neddoc/inet.nodes.inet.StandardHost.html" title="Compound Module StandardHost" alt="" coords="1326,5,1429,31">
<area shape="rect" id="node14" href="inet_dns_extension.applications.dns.DNSClientNode.html" title="Compound Module DNSClientNode" alt="" coords="1162,79,1278,104">
<area shape="rect" id="node16" href="inet_dns_extension.applications.dns.DNSEchoServerNode.html" title="Compound Module DNSEchoServerNode" alt="" coords="1302,79,1453,104">
<area shape="rect" id="node17" href="inet_dns_extension.applications.dns.DNSServerNode.html" title="Compound Module DNSServerNode" alt="" coords="1477,79,1597,104">
<area shape="rect" id="node25" href="inet_dns_extension.applications.mdns.MDNSNode.html" title="Compound Module MDNSNode" alt="" coords="1621,79,1715,104">
<area shape="rect" id="node12" href="inet_dns_extension.applications.dns.DNSClient.html" title="Module Interface DNSClient" alt="" coords="1764,5,1849,31">
<area shape="rect" id="node13" href="inet_dns_extension.applications.dns.DNSClientTraffGen.html" title="Simple Module DNSClientTraffGen" alt="" coords="1739,79,1875,104">
<area shape="rect" id="node15" href="inet_dns_extension.applications.dns.DNSEchoServer.html" title="Simple Module DNSEchoServer" alt="" coords="1874,5,1993,31">
<area shape="rect" id="node18" href="inet_dns_extension.networks.dynamic_mdns_network.Dynamic_mdns_network.html" title="Network Dynamic_mdns_network" alt="" coords="2017,5,2183,31">
<area shape="rect" id="node19" href="inet_dns_extension.applications.traffic.GenericTraffGen.html" title="Simple Module GenericTraffGen" alt="" coords="2207,5,2326,31">
<area shape="rect" id="node20" href="inet_dns_extension.networks.complex_dns_network.subnets.Google.html" title="Network Google" alt="" coords="2351,5,2423,31">
<area shape="rect" id="node21" href="ned.IBidirectionalChannel.html" title="Module Interface IBidirectionalChannel" alt="" coords="2447,5,2593,31">
<area shape="rect" id="node22" href="ned.IdealChannel.html" title="Channel IdealChannel" alt="" coords="2617,5,2716,31">
<area shape="rect" id="node23" href="ned.IUnidirectionalChannel.html" title="Module Interface IUnidirectionalChannel" alt="" coords="2741,5,2894,31">
<area shape="rect" id="node24" href="inet_dns_extension.common.generation.MDNSNetworkConfigurator.html" title="Simple Module MDNSNetworkConfigurator" alt="" coords="2918,5,3101,31">
<area shape="rect" id="node26" href="inet_dns_extension.applications.mdns.MDNSResolver.html" title="Simple Module MDNSResolver" alt="" coords="3125,5,3240,31">
<area shape="rect" id="node27" href="inet_dns_extension.networks.complex_dns_network.subnets.ORG.html" title="Compound Module ORG" alt="" coords="3264,5,3336,31">
<area shape="rect" id="node28" href="inet_dns_extension.networks.stateless_network.subnets.RootServers.html" title="Network RootServers" alt="" coords="3361,5,3455,31">
<area shape="rect" id="node29" href="inet_dns_extension.networks.simple_mdns_example.Simple_mdns_example.html" title="Network Simple_mdns_example" alt="" coords="3480,5,3637,31">
<area shape="rect" id="node30" href="inet_dns_extension.networks.simple_mdns_privacy_example.Simple_mdns_privacy_example.html" title="Network Simple_mdns_privacy_example" alt="" coords="3662,5,3869,31">
<area shape="rect" id="node31" href="inet_dns_extension.networks.SimpleDNSNetwork.html" title="Network SimpleDNSNetwork" alt="" coords="3893,5,4033,31">
<area shape="rect" id="node32" href="inet_dns_extension.networks.small_stateless_network.Small_stateless_example_network.html" title="Network Small_stateless_example_network" alt="" coords="4057,5,4281,31">
<area shape="rect" id="node33" href="inet_dns_extension.networks.stateless_network.Stateless_example_network.html" title="Network Stateless_example_network" alt="" coords="4305,5,4492,31">
<area shape="rect" id="node34" href="inet_dns_extension.networks.stateless_network.subnets.UniKonstanz.html" title="Network UniKonstanz" alt="" coords="4517,5,4614,31">
