<area shape="rect" id="node1" href="inet_dns_extension.networks.complex_dns_network.subnets.Google.html" title="Network Google" alt="" coords="277,79,349,104">
<area shape="rect" id="node2" href="inet_dns_extension.applications.dns.DNSServerNode.html" title="Compound Module DNSServerNode" alt="" coords="5,152,125,177">
<area shape="rect" id="node3" href="../../../inet/doc/neddoc/inet.nodes.inet.StandardHost.html" title="Compound Module StandardHost" alt="" coords="150,152,253,177">
<area shape="rect" id="node4" href="../../../inet/doc/neddoc/inet.nodes.ethernet.Eth100G.html" title="Channel Eth100G" alt="" coords="277,152,350,177">
<area shape="rect" id="node5" href="../../../inet/doc/neddoc/inet.nodes.inet.Router.html" title="Compound Module Router" alt="" coords="375,152,447,177">
<area shape="rect" id="node6" href="../../../inet/doc/neddoc/inet.nodes.ethernet.Eth10G.html" title="Channel Eth10G" alt="" coords="471,152,543,177">
<area shape="rect" id="node7" href="inet_dns_extension.networks.complex_dns_network.ComplexDNSNetwork.html" title="Network ComplexDNSNetwork" alt="" coords="237,5,389,31">
