<area shape="rect" id="node1" href="inet_dns_extension.applications.dns.DNSServerNode.html" title="Compound Module DNSServerNode" alt="" coords="323,79,443,104">
<area shape="rect" id="node2" href="ned.IdealChannel.html" title="Channel IdealChannel" alt="" coords="268,152,367,177">
<area shape="rect" id="node3" href="inet_dns_extension.applications.dns.DNSAuthServer.html" title="Simple Module DNSAuthServer" alt="" coords="391,152,507,177">
<area shape="rect" id="node4" href="inet_dns_extension.networks.stateless_network.subnets.CH.html" title="Compound Module CH" alt="" coords="5,5,77,31">
<area shape="rect" id="node5" href="inet_dns_extension.networks.complex_dns_network.subnets.COM.html" title="Compound Module COM" alt="" coords="101,5,173,31">
<area shape="rect" id="node6" href="inet_dns_extension.networks.stateless_network.subnets.DE.html" title="Compound Module DE" alt="" coords="197,5,269,31">
<area shape="rect" id="node7" href="inet_dns_extension.networks.complex_dns_network.subnets.Google.html" title="Network Google" alt="" coords="293,5,365,31">
<area shape="rect" id="node8" href="inet_dns_extension.networks.stateless_network.subnets.RootServers.html" title="Network RootServers" alt="" coords="390,5,485,31">
<area shape="rect" id="node9" href="inet_dns_extension.networks.SimpleDNSNetwork.html" title="Network SimpleDNSNetwork" alt="" coords="509,5,649,31">
<area shape="rect" id="node10" href="inet_dns_extension.networks.stateless_network.subnets.UniKonstanz.html" title="Network UniKonstanz" alt="" coords="673,5,770,31">
