<area shape="rect" id="node1" href="ned.IdealChannel.html" title="Channel IdealChannel" alt="" coords="603,79,701,104">
<area shape="rect" id="node2" href="opp_dns_extension.networks.complex_dns_network.ComplexDNSNetwork.html" title="Network ComplexDNSNetwork" alt="" coords="5,5,157,31">
<area shape="rect" id="node3" href="opp_dns_extension.applications.dns.DNSClientNode.html" title="Compound Module DNSClientNode" alt="" coords="182,5,298,31">
<area shape="rect" id="node4" href="opp_dns_extension.applications.dns.DNSEchoServerNode.html" title="Compound Module DNSEchoServerNode" alt="" coords="322,5,473,31">
<area shape="rect" id="node5" href="opp_dns_extension.applications.dns.DNSLocalCacheNode.html" title="Compound Module DNSLocalCacheNode" alt="" coords="497,5,647,31">
<area shape="rect" id="node6" href="opp_dns_extension.applications.dns.DNSServerNode.html" title="Compound Module DNSServerNode" alt="" coords="672,5,792,31">
<area shape="rect" id="node7" href="opp_dns_extension.applications.mdns.MDNSNode.html" title="Compound Module MDNSNode" alt="" coords="816,5,909,31">
<area shape="rect" id="node8" href="opp_dns_extension.networks.small_stateless_network.Small_stateless_example_network.html" title="Network Small_stateless_example_network" alt="" coords="933,5,1157,31">
<area shape="rect" id="node9" href="opp_dns_extension.networks.stateless_network.Stateless_example_network.html" title="Network Stateless_example_network" alt="" coords="1181,5,1368,31">
