<area shape="rect" id="node1" href="opp_dns_extension.networks.complex_dns_network.ComplexDNSNetwork.html" title="Network ComplexDNSNetwork" alt="" coords="371,5,523,31">
<area shape="rect" id="node2" href="opp_dns_extension.networks.complex_dns_network.subnets.RootServers.html" title="Network RootServers" alt="" coords="5,79,100,104">
<area shape="rect" id="node3" href="ned.IdealChannel.html" title="Channel IdealChannel" alt="" coords="125,79,223,104">
<area shape="rect" id="node4" href="opp_dns_extension.networks.complex_dns_network.subnets.Google.html" title="Network Google" alt="" coords="247,79,319,104">
<area shape="rect" id="node5" href="opp_dns_extension.networks.complex_dns_network.subnets.UniKonstanz.html" title="Network UniKonstanz" alt="" coords="344,79,441,104">
<area shape="rect" id="node6" href="../../../inet/doc/neddoc/inet.nodes.inet.Router.html" title="Compound Module Router" alt="" coords="466,79,538,104">
<area shape="rect" id="node7" href="../../../inet/doc/neddoc/inet.networklayer.autorouting.ipv4.IPv4NetworkConfigurator.html" title="Simple Module IPv4NetworkConfigurator" alt="" coords="563,79,732,104">
<area shape="rect" id="node8" href="opp_dns_extension.networks.complex_dns_network.subnets.COM.html" title="Compound Module COM" alt="" coords="757,79,829,104">
<area shape="rect" id="node9" href="opp_dns_extension.networks.complex_dns_network.subnets.DE.html" title="Compound Module DE" alt="" coords="853,79,925,104">
