<area shape="rect" id="node1" href="opp_dns_extension.networks.stateless_network.Stateless_example_network.html" title="Network Stateless_example_network" alt="" coords="263,5,449,31">
<area shape="rect" id="node2" href="opp_dns_extension.networks.stateless_network.subnets.CH.html" title="Compound Module CH" alt="" coords="5,79,77,104">
<area shape="rect" id="node3" href="ned.IdealChannel.html" title="Channel IdealChannel" alt="" coords="101,79,200,104">
<area shape="rect" id="node4" href="opp_dns_extension.networks.stateless_network.subnets.DE.html" title="Compound Module DE" alt="" coords="224,79,296,104">
<area shape="rect" id="node5" href="../../../inet/doc/neddoc/inet.nodes.inet.Router.html" title="Compound Module Router" alt="" coords="320,79,392,104">
<area shape="rect" id="node6" href="opp_dns_extension.networks.stateless_network.subnets.UniKonstanz.html" title="Network UniKonstanz" alt="" coords="417,79,514,104">
<area shape="rect" id="node7" href="opp_dns_extension.networks.stateless_network.subnets.RootServers.html" title="Network RootServers" alt="" coords="538,79,633,104">
<area shape="rect" id="node8" href="../../../inet/doc/neddoc/inet.networklayer.autorouting.ipv4.IPv4NetworkConfigurator.html" title="Simple Module IPv4NetworkConfigurator" alt="" coords="657,79,826,104">
