<area shape="rect" id="node1" href="opp_dns_extension.networks.small_stateless_network.subnets.UniKonstanz.html" title="Network UniKonstanz" alt="" coords="453,79,551,104">
<area shape="rect" id="node2" href="opp_dns_extension.applications.dns.DNSClientNode.html" title="Compound Module DNSClientNode" alt="" coords="5,152,121,177">
<area shape="rect" id="node3" href="opp_dns_extension.applications.dns.DNSEchoServerNode.html" title="Compound Module DNSEchoServerNode" alt="" coords="145,152,296,177">
<area shape="rect" id="node4" href="../../../inet/doc/neddoc/inet.nodes.ethernet.Eth100G.html" title="Channel Eth100G" alt="" coords="320,152,393,177">
<area shape="rect" id="node5" href="../../../inet/doc/neddoc/inet.nodes.inet.Router.html" title="Compound Module Router" alt="" coords="418,152,490,177">
<area shape="rect" id="node6" href="../../../inet/doc/neddoc/inet.nodes.ethernet.Eth10G.html" title="Channel Eth10G" alt="" coords="514,152,586,177">
<area shape="rect" id="node7" href="../../../inet/doc/neddoc/inet.nodes.ethernet.Eth1G.html" title="Channel Eth1G" alt="" coords="610,152,682,177">
<area shape="rect" id="node8" href="opp_dns_extension.applications.dns.DNSLocalCacheNode.html" title="Compound Module DNSLocalCacheNode" alt="" coords="707,152,857,177">
<area shape="rect" id="node9" href="opp_dns_extension.applications.dns.DNSServerNode.html" title="Compound Module DNSServerNode" alt="" coords="882,152,1002,177">
<area shape="rect" id="node10" href="opp_dns_extension.networks.small_stateless_network.Small_stateless_example_network.html" title="Network Small_stateless_example_network" alt="" coords="390,5,614,31">
